---
source: tests/p13_snapshots.rs
expression: text
---
 ◆ virsh-tui  1 Domains  2 Host  3 Networks  4 Storage  5 Events                                                                                     ⚙ settings  │  14:40:03  
 ╭ Settings ─────────────────╮ ╭ Theme ───────────────────────────── 9 built-in ╮ ╭ Appearance ─────────────────────────────────────────────────────────────────────────────╮ 
 │ ⚙ General                 │ │ ❯ tokyo-night ████████████████                 │ │ Borders                                                                                 │ 
 │ ◐ Appearance              │ │   tokyo-night-storm ████████████████           │ │ (●) ╭─╮ rounded ( ) ┌─┐ plain ( ) ╔═╗ double ( ) ┏━┓ thick                              │ 
 │ ⌨ Keybindings             │ │   tokyo-night-day ████████████████             │ │ Icons                                                                                   │ 
 │ ⌁ Connections             │ │   catppuccin-mocha ████████████████            │ │ (●) unicode ● ◆ ◎ ( ) nerd font ( ) ascii * # o                                         │ 
 │ ∿ Monitoring              │ │   gruvbox-dark ████████████████                │ │ Graphs                                                                                  │ 
 │ ⚠ Confirmations           │ │   nord ████████████████                        │ │ (●) braille ⣿ ( ) block █ ( ) tty   [x] vertical gradient                               │ 
 │ ▭ Console & viewer        │ │   dracula ████████████████                     │ │ Background                                                                              │ 
 │                           │ │   kanagawa ████████████████                    │ │ [ ] transparent (inherit terminal) [x] dim behind modals                                │ 
 │                           │ │   everforest ████████████████                  │ │                                                                                         │ 
 │                           │ │                                                │ │                                                                                         │ 
 │                           │ │ + custom: ~/.config/virsh-tui/themes/*.toml    │ ╰─────────────────────────────────────────────────────────────────────────────────────────╯ 
 │                           │ │                                                │ ╭ Preview ───────────────────────────────────────────────────────── Preview · tokyo-night ╮ 
 │                           │ │                                                │ │ ████████ ████████ ████████ ████████ ████████ ████████ ████████ ████████                 │ 
 │                           │ │                                                │ │ bg       bg2      hl       sel      gutter   comment  fg       fg2                      │ 
 │                           │ │                                                │ │ ████████ ████████ ████████ ████████ ████████ ████████ ████████ ████████                 │ 
 │                           │ │                                                │ │ blue     cyan     magenta  green    yellow   orange   red      teal                     │ 
 │                           │ │                                                │ │                                                                                         │ 
 │                           │ │                                                │ │ ▌● arch-dev        running                                                              │ 
 │                           │ │                                                │ │ CPU  ━━━━━━━━━━━━━━━━━━━━━━ 68%                                                         │ 
 │                           │ │                                                │ │ ⠀⠀⠀⠀⠀⠀⠀⠀⠀⠀⠀⠀⠀⠀⠀⠀⠀⠀⠀⠀⠀⠀⠀⠀⠀⠀⠀⠀⠀⠀                                                          │ 
 │                           │ │                                                │ │ ⠀⠀⠀⠀⠀⠀⠀⠀⠀⠀⠀⠀⠀⠀⠀⠀⠀⠀⠀⠀⠀⠀⠀⡀⠀⠀⠀⠀⠀⠀                                                          │ 
 │                           │ │                                                │ │ ⠀⢀⣀⠀⠀⠀⠀⠀⣠⣄⠀⣴⣀⢀⠀⠀⣠⣠⣿⣿⣿⣷⣷⣷⡀⠀⠀⡀⠀⠀                                                          │ 
 │                           │ │                                                │ │ ⣦⣿⣿⣧⣄⣦⣤⣼⣿⣿⣿⣿⣿⣿⣿⣾⣿⣿⣿⣿⣿⣿⣿⣿⣿⣿⣿⣿⣷⣠                                                          │ 
 │                           │ │                                                │ │ ⣿⣿⣿⣿⣿⣿⣿⣿⣿⣿⣿⣿⣿⣿⣿⣿⣿⣿⣿⣿⣿⣿⣿⣿⣿⣿⣿⣿⣿⣿                                                          │ 
 │                           │ │                                                │ │                                                                                         │ 
 │                           │ │                                                │ │                                                                                         │ 
 │                           │ │                                                │ │                                                                                         │ 
 │                           │ │                                                │ │                                                                                         │ 
 │                           │ │                                                │ │                                                                                         │ 
 │                           │ │                                                │ │                                                                                         │ 
 │                           │ │                                                │ │                                                                                         │ 
 │                           │ │                                                │ │                                                                                         │ 
 │                           │ │                                                │ │                                                                                         │ 
 │                           │ │                                                │ │                                                                                         │ 
 │                           │ │                                                │ │                                                                                         │ 
 │                           │ │                                                │ │                                                                                         │ 
 │                           │ │                                                │ │                                                                                         │ 
 │                           │ │                                                │ │                                                                                         │ 
 ╰───────────────────────────╯ ╰────────────────────────────────────────────────╯ ╰─────────────────────────────────────────────────────────────────────────────────────────╯ 
 NORMAL  settings › appearance › theme   j/k preview theme  ⏎ apply  h/l pane  ⎋ revert & close                                                                               
saved to ~/.config/virsh-tui/config.toml · theme = "tokyo-night"
