---
source: tests/p14_compact.rs
expression: "shot(120, 36, |f| virsh_tui::ui::views::gallery::render(f, &th))"
---
⠀⠀⠀⠀⠀⠀⠀⠀⠀⠀⠀⠀⠀⠀⠀⠀⠀⠀⠀⠀⠀⠀⠀⠀⠀⠀⠀⠀⠀⠀⠀⠀⠀⠀⠀⠀⠀⠀⠀⠀⠀⠀⠀⠀⠀⠀⠀⠀⠀⠀⠀⠀⠀⠀⠀⠀⠀⠀⠀⠀                                                            
⠀⠀⠀⠀⠀⠀⠀⠀⠀⠀⠀⠀⠀⠀⠀⠀⠀⠀⠀⠀⠀⠀⠀⠀⠀⠀⠀⠀⠀⠀⠀⠀⠀⠀⠀⠀⠀⠀⠀⠀⠀⠀⠀⠀⠀⠀⠀⠀⠀⠀⠀⠀⠀⠀⠀⠀⠀⠀⠀⠀                                                            
⠀⠀⠀⠀⠀⠀⠀⠀⠀⠀⠀⠀⠀⠀⠀⠀⠀⠀⠀⠀⠀⠀⠀⠀⠀⠀⠀⠀⠀⠀⠀⠀⠀⠀⠀⠀⠀⠀⠀⠀⠀⠀⠀⠀⠀⠀⠀⠀⠀⠀⠀⠀⠀⠀⠀⠀⠀⠀⠀⠀                                                            
⠀⠀⠀⠀⠀⠀⠀⠀⠀⠀⠀⠀⠀⠀⠀⠀⠀⠀⠀⠀⠀⠀⠀⢀⣴⣶⣶⣶⣶⣤⣴⡆⠀⠀⠀⠀⠀⠀⠀⠀⠀⠀⠀⠀⠀⢀⣠⡄⠀⠀⠀⠀⠀⠀⠀⠀⠀⠀⠀⠀                                                            
⠀⠀⣠⣤⠀⠀⠀⠀⠀⠀⢀⣼⣶⡀⣠⣿⣤⣄⣄⡀⠀⣠⣧⣾⣿⣿⣿⣿⣿⣿⣿⣿⡄⠀⠀⣀⣄⠀⠀⠀⢀⣀⡀⢀⣠⣿⣿⣿⣤⡄⠀⠀⠀⢠⣄⠀⠀⠀⠀⠀                                                            
⣆⣼⣿⣿⣧⣄⢠⣄⣀⣠⣿⣿⣿⣿⣿⣿⣿⣿⣿⣿⣾⣿⣿⣿⣿⣿⣿⣿⣿⣿⣿⣿⣿⣿⣿⣿⣿⣿⣆⢠⣾⣿⣷⣾⣿⣿⣿⣿⣿⣿⣄⣀⣴⣿⣿⣦⣤⣰⣤⣦                                                            
⣿⣿⣿⣿⣿⣿⣾⣿⣿⣿⣿⣿⣿⣿⣿⣿⣿⣿⣿⣿⣿⣿⣿⣿⣿⣿⣿⣿⣿⣿⣿⣿⣿⣿⣿⣿⣿⣿⣿⣿⣿⣿⣿⣿⣿⣿⣿⣿⣿⣿⣿⣿⣿⣿⣿⣿⣿⣿⣿⣿                                                            
⣿⣿⣿⣿⣿⣿⣿⣿⣿⣿⣿⣿⣿⣿⣿⣿⣿⣿⣿⣿⣿⣿⣿⣿⣿⣿⣿⣿⣿⣿⣿⣿⣿⣿⣿⣿⣿⣿⣿⣿⣿⣿⣿⣿⣿⣿⣿⣿⣿⣿⣿⣿⣿⣿⣿⣿⣿⣿⣿⣿                                                            
▁▁▁▁▂▂▂▃▂▁▁▂▂▂▂▂▂▂▂▂▂▂▂▁▁▁▁▂                                                                                            
████████████████████████████                                                                                            
████████████████████████████                                                                                            
                                                                                                                        
                                                                                                                        
hbar ██████▊░░░░░░░░░ 42%   gauge ━━━━━━━━━━━━━━━━━━━━━━ 38%                                                            
                                                                                                                        
                                                                                                                        
 all 15  ● running 9  ‖ paused 1  ✗ crashed 1  ○ off 4
