---
source: tests/p5_snapshots.rs
expression: "buffer_text(120, 36, &state)"
---
 ◆ virsh-tui  1 Domains  2 Host  3 Networks  4 Storage  5 Events      ⌁ qemu:///system  │  forge  │  ⟳ 1s  │  14:32:07  
 ╭ CPU · AMD Ryzen 9 7950X ─────────────────────────────────────────────── 38% · 5.2 GHz · 61°C · load 9.42 8.71 7.90 ╮ 
 │ 100% ⠀⠀⠀⠀⠀⠀⠀⠀⠀⠀⠀⠀⠀⠀⠀⠀⠀⠀⠀⠀⠀⠀⠀⠀⠀⠀⠀⠀⠀⠀⠀⠀⠀⠀⠀⠀⠀⠀⠀⠀⠀⠀⠀⠀⠀⠀⠀⠀⠀⠀⠀⠀⠀⠀⠀⠀⠀⠀⠀⠀⠀⠀⠀⠀⠀⠀⠀⠀⠀⠀⠀⠀⠀⠀⠀⠀⠀⠀⠀⠀⠀⠀⠀⠀⠀⠀⠀⠀⠀⠀⠀⠀                  │ 
 │      ⠀⠀⠀⠀⠀⠀⠀⠀⠀⠀⠀⠀⠀⠀⠀⠀⠀⠀⠀⠀⠀⠀⠀⠀⠀⠀⠀⠀⠀⠀⠀⠀⠀⠀⠀⠀⠀⠀⠀⠀⠀⠀⠀⠀⠀⠀⠀⠀⠀⠀⠀⠀⠀⠀⠀⠀⠀⠀⠀⠀⠀⠀⠀⠀⠀⠀⠀⠀⠀⠀⠀⠀⠀⠀⠀⠀⠀⠀⠀⠀⠀⠀⠀⠀⠀⠀⠀⠀⠀⠀⠀⠀                  │ 
 │      ⠀⠀⠀⠀⠀⠀⠀⠀⠀⠀⠀⠀⠀⠀⠀⠀⠀⠀⠀⠀⠀⠀⠀⠀⠀⠀⠀⠀⠀⠀⠀⠀⠀⠀⠀⠀⠀⠀⠀⠀⠀⠀⠀⠀⢀⣴⣴⣆⠀⢀⣴⣤⣀⠀⢀⠀⡀⠀⠀⠀⠀⠀⠀⠀⠀⠀⣀⣴⣦⣀⡀⠀⠀⠀⠀⠀⠀⠀⠀⠀⠀⠀⠀⠀⠀⠀⠀⠀⠀⠀⠀⠀                  │ 
 │  50% ⠀⠀⣀⠀⢀⣀⠀⠀⣠⣀⠀⠀⠀⠀⠀⢀⠀⠀⠀⠀⠀⠀⠀⠀⠀⠀⠀⠀⠀⣀⣠⡀⠀⠀⠀⠀⠀⠀⢀⣴⣶⣶⣶⣿⣿⣿⣿⣿⣷⣿⣿⣿⣿⣶⣿⣿⣿⣦⣀⠀⡀⠀⠀⣀⣴⣾⣿⣿⣿⣿⣿⣿⣶⣶⣄⣀⣤⡀⠀⠀⠀⠀⠀⠀⣀⣠⣦⡀⠀⣀⠀⠀                  │ 
 │      ⣷⣼⣿⣿⣿⣿⣷⣾⣿⣿⣿⣷⣶⣿⣷⣿⣶⣦⣀⣤⣄⠀⠀⣄⣠⣄⢀⣄⣴⣿⣿⣿⣿⣿⣿⣶⣤⣴⣿⣿⣿⣿⣿⣿⣿⣿⣿⣿⣿⣿⣿⣿⣿⣿⣿⣿⣿⣿⣿⣿⣿⣿⣿⣿⣿⣿⣿⣿⣿⣿⣿⣿⣿⣿⣿⣿⣿⣷⣤⣴⣷⣤⣤⣾⣿⣿⣿⣿⣿⣿⣷⣶                  │ 
 │   0% ⣿⣿⣿⣿⣿⣿⣿⣿⣿⣿⣿⣿⣿⣿⣿⣿⣿⣿⣿⣿⣿⣷⣿⣿⣿⣿⣿⣿⣿⣿⣿⣿⣿⣿⣿⣿⣿⣿⣿⣿⣿⣿⣿⣿⣿⣿⣿⣿⣿⣿⣿⣿⣿⣿⣿⣿⣿⣿⣿⣿⣿⣿⣿⣿⣿⣿⣿⣿⣿⣿⣿⣿⣿⣿⣿⣿⣿⣿⣿⣿⣿⣿⣿⣿⣿⣿⣿⣿⣿⣿⣿⣿                  │ 
 │ per-thread ─────────────────────────────────────────────────────────────────────────────────────────────────────── │ 
 ╰────────────────────────────────────────────────────────────────────────────────────────────────────────────────────╯ 
 ╭ Memory · 64 GiB ──────────────────────────────────────────────────────────────────────────── 41.2 used · 22.8 free ╮ 
 │ host RSS by domain                                                                                                 │ 
 │ ██████████████████████████████████████████████████████████████████████████████████████████████████████████████████ │ 
 │ ■ win11-gaming     16.4G                                                                                           │ 
 │ ■ arch-dev          9.8G                                                                                           │ 
 │ ■ truenas-scale     6.1G                                                                                           │ 
 │ ■ k8s-worker-01     3.2G                                                                                           │ 
 ╰────────────────────────────────────────────────────────────────────────────────────────────────────────────────────╯ 
 ╭ Running domains ───────────────────────────────────────────── 9 running · 47 vCPU on 32 threads · overcommit 1.47× ╮ 
 │   NAME             vCPU  CPU ▾  CPU · 60s                         MEM        MEM · 60s        DISK  R / W          │ 
 │ ────────────────────────────────────────────────────────────────────────────────────────────────────────────────── │ 
 │ ▌ win11-gaming       12  87% ▆▆▆▆▆▇██▇▇▇▇▆▆▆▆▇▆▅▄▅▅▅▅▅▆▆▆▆▇▇█  16.4G ▇▇▇▇▇▇▇▇▇▇▇▇▇▇▇▇▇▇  84.1M /  22.0M   312M/s / │ 
 │   k8s-worker-02       4  61% ▄▄▅▅▄▄▄▄▅▆▅▅▆▅▅▅▄▅▅▆▆▆▆▆▆▅▄▄▄▄▄▄   0.9G ▂▂▂▂▂▂▃▂▂▂▃▃▃▂▂▂▂▃  41.6M /  12.1M  22.0M/s / │ 
 │   k8s-worker-01       4  55% ▄▃▄▃▄▅▅▅▆▅▄▄▅▆▅▄▅▅▅▆▅▄▅▅▄▄▄▃▃▃▃▄   3.2G ▆▆▆▆▆▆▆▆▇▆▆▆▆▆▆▆▆▆   6.2M /   9.8M  18.7M/s / │ 
 │   arch-dev            8  42% ▃▂▂▁▂▂▃▄▄▄▄▄▅▅▅▄▄▄▃▄▄▄▃▂▃▃▃▃▄▄▃▄   9.8G ▆▆▆▆▆▆▆▆▆▆▆▆▆▆▆▆▆▆  12.4M /   3.1M   6.0M/s / │ 
 │   k8s-cp-01           4  23% ▁▁ ▁▂▁▁ ▁▁▂▂▂▂▂▁▂▂▂▂▃▃▃▃▃▃▃▄▃▃▃▄   2.4G ▅▅▅▅▅▅▅▅▅▅▅▅▅▅▅▅▅▅   1.1M /   4.4M   9.3M/s / │ 
 ╰────────────────────────────────────────────────────────────────────────────────────────────────────────────────────╯ 
 ╭ System ────────────────────────────────────────────────────────────────────────────────────────────────────────────╮ 
 │ kernel   6.17.2-arch1-1                                                                                            │ 
 │ libvirt  12.8.0 · QEMU 10.1.0                                                                                      │ 
 │ kvm      ✓ amd-v · nested ✓ · iommu ✓                                                                              │ 
 │ numa     1 node · 16c/32t · SEV ✗                                                                                  │ 
 │ uptime   47d 11h 03m                                                                                               │ 
 ╰────────────────────────────────────────────────────────────────────────────────────────────────────────────────────╯ 
 NORMAL  host › running   j/k move  ⏎ open domain  : cmd  ? help                                                        
-- sampling virConnectGetAllDomainStats every 1000 ms --
