---
source: tests/p6_snapshots.rs
expression: "buffer_text(DetailTab::Monitor)"
---
 ◆ virsh-tui  1 Domains  2 Host  3 Networks  4 Storage  5 Events                                                            ⌁ qemu:///system  │  forge  │  ⟳ 1s  │  14:32:07  
 domains › arch-dev ● running  3d 04h    Overview  Monitor  Hardware  Snapshots  Console  XML    H/L switch tab  ⌫ back                                                       
                                                                                                                                                                              
 ╭ CPU ───────────────────────────────────────────────────────────────── 42% · 8 vCPU ╮ ╭ Disk I/O ────────────────────────────────────────────── R 12.4 MiB/s  W 3.1 MiB/s ╮ 
 │ ⠀⠀⠀⠀⠀⠀⠀⠀⠀⠀⠀⠀⠀⠀⠀⠀⠀⠀⠀⠀⠀⠀⠀⠀⠀⠀⠀⠀⠀⠀⠀⠀⠀⠀⠀⠀⠀⠀⠀⠀⠀⠀⠀⠀⠀⠀⠀⠀⠀⠀⠀⠀⠀⠀⠀⠀⠀⠀⠀⠀⠀⠀⠀⠀⠀⠀⠀⠀⠀⠀⠀⠀⠀⠀⠀⠀⠀⠀⠀⠀⠀⠀ │ │                                                                                   │ 
 │ ⠀⠀⠀⠀⠀⠀⠀⠀⠀⠀⠀⠀⠀⠀⠀⠀⠀⠀⠀⠀⠀⠀⠀⠀⠀⠀⠀⠀⠀⠀⠀⠀⠀⠀⠀⠀⠀⠀⠀⠀⠀⠀⠀⠀⠀⠀⠀⠀⠀⠀⠀⠀⠀⠀⠀⠀⠀⠀⠀⠀⠀⠀⠀⠀⠀⠀⠀⠀⠀⠀⠀⠀⠀⠀⠀⠀⠀⠀⠀⠀⠀⠀ │ │                                                                                   │ 
 │ ⠀⠀⠀⠀⠀⠀⠀⠀⠀⠀⠀⠀⠀⠀⠀⠀⠀⠀⠀⠀⠀⠀⠀⠀⠀⠀⠀⠀⠀⠀⠀⠀⠀⠀⠀⠀⠀⠀⠀⠀⠀⠀⠀⠀⠀⠀⠀⠀⠀⠀⠀⠀⠀⠀⠀⠀⠀⠀⠀⠀⠀⠀⠀⠀⠀⠀⠀⠀⠀⠀⠀⠀⠀⠀⠀⠀⠀⠀⠀⠀⠀⠀ │ │                                                                                   │ 
 │ ⠀⠀⠀⠀⠀⠀⠀⠀⠀⠀⠀⠀⠀⠀⠀⠀⠀⠀⠀⠀⠀⠀⠀⠀⠀⠀⠀⠀⠀⠀⠀⠀⠀⠀⠀⠀⠀⠀⠀⠀⠀⠀⠀⠀⠀⠀⠀⠀⠀⠀⠀⠀⠀⠀⠀⠀⠀⠀⠀⠀⠀⠀⠀⠀⠀⠀⠀⠀⠀⠀⠀⠀⠀⠀⠀⠀⠀⠀⠀⠀⠀⠀ │ │               ▁██▄                                                                │ 
 │ ⠀⠀⠀⠀⠀⠀⠀⠀⠀⠀⠀⠀⠀⠀⠀⠀⠀⠀⠀⠀⠀⠀⠀⠀⠀⠀⠀⠀⠀⠀⠀⠀⠀⠀⠀⠀⠀⠀⠀⠀⠀⠀⠀⠀⠀⠀⠀⠀⠀⠀⠀⠀⠀⠀⠀⠀⠀⠀⠀⠀⠀⠀⠀⠀⠀⠀⠀⠀⠀⠀⠀⠀⠀⠀⠀⠀⠀⠀⠀⠀⠀⠀ │ │      ▂▃      ▄████▆          ▁▁                ▇█▅▂    ▂▂▄▆▄▃▅▆        ▁  ▃▁ ▂    │ 
 │ ⠀⠀⠀⠀⠀⠀⠀⠀⠀⠀⠀⠀⠀⠀⠀⠀⠀⠀⠀⠀⠀⠀⠀⠀⠀⠀⠀⠀⠀⠀⠀⠀⠀⠀⣠⣄⠀⢀⣠⠀⠀⠀⡄⠀⠀⠀⠀⠀⠀⠀⠀⠀⠀⠀⠀⠀⠀⠀⠀⠀⠀⠀⠀⠀⠀⠀⠀⠀⠀⠀⠀⠀⠀⠀⠀⠀⠀⠀⠀⠀⠀⠀ │ │     ▂██▅ ▃▅▁▇██████▇▃  ▃▁   ▅███▆▂▃▆▇         █████▆▄ ▁█████████▅▃▁   ▅█▆▃████▅   │ 
 │ ⠀⠀⠀⠀⠀⠀⠀⠀⠀⠀⠀⠀⠀⠀⠀⠀⠀⠀⠀⠀⠀⡀⠀⠀⠀⠀⠀⠀⠀⠀⠀⠀⢠⣿⣿⣿⣿⣿⣿⣷⣿⣾⣿⡀⠀⠀⠀⠀⠀⠀⠀⠀⠀⠀⠀⠀⠀⠀⠀⠀⠀⠀⣀⣠⣦⠀⠀⠀⠀⠀⠀⠀⠀⠀⠀⠀⠀⠀⠀⠀⠀⠀ │ │ █▇▄▃██████████████████▄██▄▂██████████▇▇▇▆▂▁▂▄██████████████████████▄▂▄█████████▇▇ │ 
 │ ⠀⠀⠀⢀⣀⠀⠀⠀⠀⠀⠀⠀⠀⠀⠀⣰⣦⣄⠀⠀⣴⣷⠀⠀⠀⠀⠀⠀⠀⢀⣦⢀⣿⣿⣿⣿⣿⣿⣿⣿⣿⣿⣿⣧⠀⠀⠀⠀⠀⠀⠀⠀⠀⠀⠀⠀⠀⠀⠀⠀⠀⣰⣿⣿⣿⣇⢀⡀⠀⠀⠀⠀⠀⠀⠀⠀⠀⠀⠀⠀⠀⠀ │ │                                                                                   │ 
 │ ⠀⠀⣠⣿⣿⡄⠀⠀⠀⠀⠀⠀⠀⠀⣠⣿⣿⣿⣄⣰⣿⣿⣿⣷⣾⣦⣠⠀⢀⣾⣿⣿⣿⣿⣿⣿⣿⣿⣿⣿⣿⣿⣿⣿⣆⠀⣀⣠⣀⣾⡄⡀⠀⠀⠀⢠⣶⣦⡀⢠⣤⣿⣿⣿⣿⣿⣾⣧⠀⠀⠀⠀⠀⣴⣷⠀⠀⠀⠀⠀⠀⠀ │ │                                                                                   │ 
 │ ⣆⢠⣿⣿⣿⣿⣄⠀⠀⣀⠀⠀⠀⢰⣿⣿⣿⣿⣿⣿⣿⣿⣿⣿⣿⣿⣿⣷⣿⣿⣿⣿⣿⣿⣿⣿⣿⣿⣿⣿⣿⣿⣿⣿⣿⣿⣿⣿⣿⣿⣿⣿⡄⠀⢠⣿⣿⣿⣧⣾⣿⣿⣿⣿⣿⣿⣿⣿⣆⠀⠀⢀⣾⣿⣿⣧⣀⡀⢠⡄⣠⣤ │ │                                                                                   │ 
 │ ⣿⣾⣿⣿⣿⣿⣿⣷⣠⣿⣶⣾⣿⣿⣿⣿⣿⣿⣿⣿⣿⣿⣿⣿⣿⣿⣿⣿⣿⣿⣿⣿⣿⣿⣿⣿⣿⣿⣿⣿⣿⣿⣿⣿⣿⣿⣿⣿⣿⣿⣿⣿⣿⣴⣿⣿⣿⣿⣿⣿⣿⣿⣿⣿⣿⣿⣿⣿⣿⣷⣶⣿⣿⣿⣿⣿⣿⣿⣿⣿⣿⣿ │ │                                                                                   │ 
 │ ⣿⣿⣿⣿⣿⣿⣿⣿⣿⣿⣿⣿⣿⣿⣿⣿⣿⣿⣿⣿⣿⣿⣿⣿⣿⣿⣿⣿⣿⣿⣿⣿⣿⣿⣿⣿⣿⣿⣿⣿⣿⣿⣿⣿⣿⣿⣿⣿⣿⣿⣿⣿⣿⣿⣿⣿⣿⣿⣿⣿⣿⣿⣿⣿⣿⣿⣿⣿⣿⣿⣿⣿⣿⣿⣿⣿⣿⣿⣿⣿⣿⣿ │ │                                                                                ▁  │ 
 │ ⣿⣿⣿⣿⣿⣿⣿⣿⣿⣿⣿⣿⣿⣿⣿⣿⣿⣿⣿⣿⣿⣿⣿⣿⣿⣿⣿⣿⣿⣿⣿⣿⣿⣿⣿⣿⣿⣿⣿⣿⣿⣿⣿⣿⣿⣿⣿⣿⣿⣿⣿⣿⣿⣿⣿⣿⣿⣿⣿⣿⣿⣿⣿⣿⣿⣿⣿⣿⣿⣿⣿⣿⣿⣿⣿⣿⣿⣿⣿⣿⣿⣿ │ │          ▃▅▃▃▅▆▁▁▁▁  ▂▄▄▁                ▁▄▄▂  ▃▃▃▁    ▃▅▃▂▂▂▂▁▁       ▂▅▇▄▇█████ │ 
 │ ⣿⣿⣿⣿⣿⣿⣿⣿⣿⣿⣿⣿⣿⣿⣿⣿⣿⣿⣿⣿⣿⣿⣿⣿⣿⣿⣿⣿⣿⣿⣿⣿⣿⣿⣿⣿⣿⣿⣿⣿⣿⣿⣿⣿⣿⣿⣿⣿⣿⣿⣿⣿⣿⣿⣿⣿⣿⣿⣿⣿⣿⣿⣿⣿⣿⣿⣿⣿⣿⣿⣿⣿⣿⣿⣿⣿⣿⣿⣿⣿⣿⣿ │ │ ▃▃▂▂▅▃▁▂▇██████████▅▇████▅▁▂▂▁▁▄▅▄▃▄▆█▄▄▆████▆█████▅▂▅███████████▆▃▇█▇▆██████████ │ 
 ╰────────────────────────────────────────────────────────────────────────────────────╯ ╰───────────────────────────────────────────────────────────────────────────────────╯ 
 ╭ Memory ─────────────────────────────────────────────────────────────── 12.4/16 GiB ╮ ╭ Network ───────────────────────────────────────────────── ↓ 48.2 Mb/s  ↑ 6.1 Mb/s ╮ 
 │                                                                                    │ │ ⠀⠀⠀⠀⠀⠀⠀⠀⠀⠀⠀⠀⠀⠀⠀⠀⠀⠀⠀⠀⠀⠀⠀⠀⠀⠀⠀⠀⠀⠀⠀⠀⠀⠀⠀⠀⠀⠀⠀⠀⠀⠀⠀⠀⠀⠀⠀⠀⠀⠀⠀⠀⠀⠀⠀⠀⠀⠀⠀⠀⠀⠀⠀⠀⠀⠀⠀⠀⠀⠀⠀⠀⠀⠀⠀⠀⠀⠀⠀⠀⠀ │ 
 │                                                                                    │ │ ⠀⠀⠀⠀⠀⠀⠀⠀⠀⠀⠀⠀⠀⠀⠀⠀⠀⠀⠀⠀⠀⠀⠀⠀⠀⠀⠀⠀⠀⠀⠀⠀⠀⠀⠀⠀⠀⠀⠀⠀⠀⠀⠀⠀⠀⠀⠀⠀⠀⠀⠀⠀⠀⠀⠀⣀⡀⠀⠀⠀⠀⠀⠀⠀⠀⠀⠀⠀⠀⠀⠀⠀⠀⠀⠀⠀⠀⠀⠀⣠⡀ │ 
 │                                                                                    │ │ ⠀⠀⠀⠀⠀⠀⠀⠀⠀⠀⠀⠀⠀⠀⠀⠀⠀⠀⠀⠀⠀⠀⠀⠀⠀⠀⠀⠀⢀⠀⠀⡄⠀⠀⠀⠀⠀⠀⠀⠀⠀⠀⠀⠀⠀⠀⠀⠀⠀⠀⢀⡀⠀⣀⣰⣿⣿⣶⡀⣰⣶⡀⠀⠀⠀⠀⠀⠀⠀⠀⠀⢀⠀⠀⠀⠀⡄⠀⣼⣿⣿ │ 
 │     ▁▁▁   ▁▄▄▄▅▆▅▅▄▆▇██▆▅▄▃▁▁▁▁▃▅▆▆▆▄▃▂▂▃▄▄▄▄▆▆▅▅▆▆▆▃▂▂▂▂▃▄▅▅▄▃▂▁▂▃▂▂▁          ▂▃ │ │ ⠀⠀⠀⠀⠀⠀⠀⠀⠀⠀⠀⠀⠀⠀⢠⡀⠀⣰⡀⠀⠀⠀⣀⣀⠀⠀⠀⢠⣿⣦⣾⣿⣄⢀⣀⠀⢀⣴⡀⠀⣠⣀⣶⣆⠀⡀⠀⠀⠀⣠⣿⣿⣤⣿⣿⣿⣿⣿⣿⣿⣿⣷⠀⠀⠀⠀⠀⠀⠀⠀⣠⣿⣷⣤⣿⣼⣿⣾⣿⣿⣿ │ 
 │ █▇▆▆████▇██████████████████████████████████████████████████████████████▇▆▆▅▆▇▆▆███ │ │ ⣀⣠⡄⠀⠀⠀⠀⠀⢠⣿⣄⡀⢠⣷⣿⣷⣾⣿⣷⣤⣶⣴⣿⣿⣷⣄⣰⣿⣿⣿⣿⣿⣿⣿⣿⣧⣾⣿⣷⣶⣿⣿⣿⣿⣾⣷⡀⢀⣾⣿⣿⣿⣿⣿⣿⣿⣿⣿⣿⣿⣿⣿⣷⣦⡀⠀⡄⠀⢰⣿⣿⣿⣿⣿⣿⣿⣿⣿⣿⣿⣿ │ 
 │ ██████████████████████████████████████████████████████████████████████████████████ │ │ ⣿⣿⣿⣆⠀⠀⠀⢀⣿⣿⣿⣿⣿⣿⣿⣿⣿⣿⣿⣿⣿⣿⣿⣿⣿⣿⣿⣿⣿⣿⣿⣿⣿⣿⣿⣿⣿⣿⣿⣿⣿⣿⣿⣿⣿⣿⣿⣿⣿⣿⣿⣿⣿⣿⣿⣿⣿⣿⣿⣿⣿⣿⣿⣿⣿⣼⣿⣶⣿⣿⣿⣿⣿⣿⣿⣿⣿⣿⣿⣿⣿ │ 
 │ ██████████████████████████████████████████████████████████████████████████████████ │ │ ⣿⣿⣿⣿⣿⣦⣤⣾⣿⣿⣿⣿⣿⣿⣿⣿⣿⣿⣿⣿⣿⣿⣿⣿⣿⣿⣿⣿⣿⣿⣿⣿⣿⣿⣿⣿⣿⣿⣿⣿⣿⣿⣿⣿⣿⣿⣿⣿⣿⣿⣿⣿⣿⣿⣿⣿⣿⣿⣿⣿⣿⣿⣿⣿⣿⣿⣿⣿⣿⣿⣿⣿⣿⣿⣿⣿⣿⣿⣿⣿⣿ │ 
 │ ██████████████████████████████████████████████████████████████████████████████████ │ │ ⣿⣿⣿⣿⣿⣿⣿⠟⠛⠻⣿⠟⢻⡿⢿⣿⠿⠛⢿⠿⣿⣿⣿⣿⣿⣿⣿⣿⣿⣿⣿⣿⣿⣿⣿⣿⣿⣿⣿⣿⢿⣿⣿⣿⢿⣿⣿⣿⣿⣿⣿⣿⣿⣿⣿⣿⣿⠿⣿⡿⣿⣿⠿⠛⠛⢿⣿⣿⣿⣿⣿⣿⣿⣿⣿⣿⣿⣿⣿⣿⣿ │ 
 │ ██████████████████████████████████████████████████████████████████████████████████ │ │ ⠀⠁⠙⠛⠉⠁⠀⠀⠀⠀⠉⠀⠀⠀⠀⠀⠀⠀⠀⠀⠈⠻⡿⠛⠙⢿⠟⠁⠙⠋⠉⠻⣿⡿⠁⠘⢿⠟⠻⠁⠀⠙⠛⠁⠀⠹⣿⣿⠿⣿⣿⠛⠛⠛⠛⠉⠀⠀⠀⠀⠈⠁⠀⠀⠀⠀⠉⠉⠉⠙⠋⠻⠋⠋⠀⠈⠻⣿⠿⢿⣿ │ 
 │ ██████████████████████████████████████████████████████████████████████████████████ │ │ ⠀⠀⠀⠀⠀⠀⠀⠀⠀⠀⠀⠀⠀⠀⠀⠀⠀⠀⠀⠀⠀⠀⠀⠀⠀⠀⠀⠀⠀⠀⠀⠀⠀⠁⠀⠀⠀⠀⠀⠀⠀⠀⠀⠀⠀⠀⠀⠀⠀⠀⠀⠀⠀⠀⠀⠀⠀⠀⠀⠀⠀⠀⠀⠀⠀⠀⠀⠀⠀⠀⠀⠀⠀⠀⠀⠀⠀⠀⠀⠀⠉ │ 
 │ ██████████████████████████████████████████████████████████████████████████████████ │ │ ⠀⠀⠀⠀⠀⠀⠀⠀⠀⠀⠀⠀⠀⠀⠀⠀⠀⠀⠀⠀⠀⠀⠀⠀⠀⠀⠀⠀⠀⠀⠀⠀⠀⠀⠀⠀⠀⠀⠀⠀⠀⠀⠀⠀⠀⠀⠀⠀⠀⠀⠀⠀⠀⠀⠀⠀⠀⠀⠀⠀⠀⠀⠀⠀⠀⠀⠀⠀⠀⠀⠀⠀⠀⠀⠀⠀⠀⠀⠀⠀⠀ │ 
 │ ██████████████████████████████████████████████████████████████████████████████████ │ │ ⠀⠀⠀⠀⠀⠀⠀⠀⠀⠀⠀⠀⠀⠀⠀⠀⠀⠀⠀⠀⠀⠀⠀⠀⠀⠀⠀⠀⠀⠀⠀⠀⠀⠀⠀⠀⠀⠀⠀⠀⠀⠀⠀⠀⠀⠀⠀⠀⠀⠀⠀⠀⠀⠀⠀⠀⠀⠀⠀⠀⠀⠀⠀⠀⠀⠀⠀⠀⠀⠀⠀⠀⠀⠀⠀⠀⠀⠀⠀⠀⠀ │ 
 │ ██████████████████████████████████████████████████████████████████████████████████ │ │ ⠀⠀⠀⠀⠀⠀⠀⠀⠀⠀⠀⠀⠀⠀⠀⠀⠀⠀⠀⠀⠀⠀⠀⠀⠀⠀⠀⠀⠀⠀⠀⠀⠀⠀⠀⠀⠀⠀⠀⠀⠀⠀⠀⠀⠀⠀⠀⠀⠀⠀⠀⠀⠀⠀⠀⠀⠀⠀⠀⠀⠀⠀⠀⠀⠀⠀⠀⠀⠀⠀⠀⠀⠀⠀⠀⠀⠀⠀⠀⠀⠀ │ 
 ╰────────────────────────────────────────────────────────────────────────────────────╯ ╰───────────────────────────────────────────────────────────────────────────────────╯ 
 ╭ vCPUs ─────────────────────────────────── 8 · avg 44% ╮ ╭ Disks ───────────────────────────────────────────────╮ ╭ Interfaces ───────────────────────────────────────────╮ 
 │          ▁▁                                           │ │ DISK            READ       WRITE    IOPS             │ │ IFACE           ↓ RX        ↑ TX  DROP   ERR          │ 
 │ ▇▇ ▄▄    ██    ▂▂    ▅▅                               │ │ vda       12.4 MiB/s   3.1 MiB/s    1200             │ │ vnet3      48.2 Mb/s    6.1 Mb/s     0     0          │ 
 │ ██ ██ ██ ██ ▅▅ ██ ▄▄ ██                               │ │ vdb      204.8 KiB/s       0 B/s      14             │ │                                                       │ 
 │  0  1  2  3  4  5  6  7                               │ │                                                      │ │                                                       │ 
 │                                                       │ │                                                      │ │                                                       │ 
 ╰───────────────────────────────────────────────────────╯ ╰──────────────────────────────────────────────────────╯ ╰───────────────────────────────────────────────────────╯ 
 NORMAL  detail › arch-dev › monitor   H/L tab  e edit  ⏎ open  ⌫ back  ? help
